###############################################################################
#
# IAR ELF Linker V7.10.1.6676/W32 for ARM                 28/Aug/2015  15:09:33
# Copyright 2007-2014 IAR Systems AB.
#
#    Output file  =  
#        X:\codes\ac_charging\GB_3B_1G_CHARGING\proj\Debug\Exe\lpc17xx.out.tmp
#    Map file     =  
#        X:\codes\ac_charging\GB_3B_1G_CHARGING\proj\Debug\List\lpc17xx.map
#    Command line =  
#        X:\codes\ac_charging\GB_3B_1G_CHARGING\proj\Debug\Obj\Ad.o
#        X:\codes\ac_charging\GB_3B_1G_CHARGING\proj\Debug\Obj\Analog.o
#        X:\codes\ac_charging\GB_3B_1G_CHARGING\proj\Debug\Obj\Cans.o
#        X:\codes\ac_charging\GB_3B_1G_CHARGING\proj\Debug\Obj\Charging.o
#        X:\codes\ac_charging\GB_3B_1G_CHARGING\proj\Debug\Obj\Dio.o
#        X:\codes\ac_charging\GB_3B_1G_CHARGING\proj\Debug\Obj\Disp.o
#        X:\codes\ac_charging\GB_3B_1G_CHARGING\proj\Debug\Obj\Eeprom.o
#        X:\codes\ac_charging\GB_3B_1G_CHARGING\proj\Debug\Obj\Fontlib.o
#        X:\codes\ac_charging\GB_3B_1G_CHARGING\proj\Debug\Obj\GPRS.o
#        X:\codes\ac_charging\GB_3B_1G_CHARGING\proj\Debug\Obj\hwtst.o
#        X:\codes\ac_charging\GB_3B_1G_CHARGING\proj\Debug\Obj\Key.o
#        X:\codes\ac_charging\GB_3B_1G_CHARGING\proj\Debug\Obj\Lcd.o
#        X:\codes\ac_charging\GB_3B_1G_CHARGING\proj\Debug\Obj\lpc177x_8x_adc.o
#        X:\codes\ac_charging\GB_3B_1G_CHARGING\proj\Debug\Obj\lpc177x_8x_can.o
#        X:\codes\ac_charging\GB_3B_1G_CHARGING\proj\Debug\Obj\lpc177x_8x_clkpwr.o
#        X:\codes\ac_charging\GB_3B_1G_CHARGING\proj\Debug\Obj\lpc177x_8x_crc.o
#        X:\codes\ac_charging\GB_3B_1G_CHARGING\proj\Debug\Obj\lpc177x_8x_eeprom.o
#        X:\codes\ac_charging\GB_3B_1G_CHARGING\proj\Debug\Obj\lpc177x_8x_gpdma.o
#        X:\codes\ac_charging\GB_3B_1G_CHARGING\proj\Debug\Obj\lpc177x_8x_gpio.o
#        X:\codes\ac_charging\GB_3B_1G_CHARGING\proj\Debug\Obj\lpc177x_8x_i2c.o
#        X:\codes\ac_charging\GB_3B_1G_CHARGING\proj\Debug\Obj\lpc177x_8x_mci.o
#        X:\codes\ac_charging\GB_3B_1G_CHARGING\proj\Debug\Obj\lpc177x_8x_nvic.o
#        X:\codes\ac_charging\GB_3B_1G_CHARGING\proj\Debug\Obj\lpc177x_8x_pinsel.o
#        X:\codes\ac_charging\GB_3B_1G_CHARGING\proj\Debug\Obj\lpc177x_8x_rtc.o
#        X:\codes\ac_charging\GB_3B_1G_CHARGING\proj\Debug\Obj\lpc177x_8x_ssp.o
#        X:\codes\ac_charging\GB_3B_1G_CHARGING\proj\Debug\Obj\lpc177x_8x_systick.o
#        X:\codes\ac_charging\GB_3B_1G_CHARGING\proj\Debug\Obj\lpc177x_8x_timer.o
#        X:\codes\ac_charging\GB_3B_1G_CHARGING\proj\Debug\Obj\lpc177x_8x_uart.o
#        X:\codes\ac_charging\GB_3B_1G_CHARGING\proj\Debug\Obj\Main.o
#        X:\codes\ac_charging\GB_3B_1G_CHARGING\proj\Debug\Obj\Meter.o
#        X:\codes\ac_charging\GB_3B_1G_CHARGING\proj\Debug\Obj\Peer.o
#        X:\codes\ac_charging\GB_3B_1G_CHARGING\proj\Debug\Obj\Rtc.o
#        X:\codes\ac_charging\GB_3B_1G_CHARGING\proj\Debug\Obj\startup_LPC177x_8x.o
#        X:\codes\ac_charging\GB_3B_1G_CHARGING\proj\Debug\Obj\system_LPC177x_8x.o
#        X:\codes\ac_charging\GB_3B_1G_CHARGING\proj\Debug\Obj\Uart.o -o
#        X:\codes\ac_charging\GB_3B_1G_CHARGING\proj\Debug\Exe\lpc17xx.out.tmp
#        --redirect _Printf=_PrintfFull --redirect _Scanf=_ScanfFull --map
#        X:\codes\ac_charging\GB_3B_1G_CHARGING\proj\Debug\List\lpc17xx.map
#        --config "C:\Program Files (x86)\IAR Systems\Embedded Workbench
#        7.0\arm\config\linker\NXP\LPC1778.icf" --semihosting --entry
#        __iar_program_start --vfe
#
###############################################################################

*******************************************************************************
*** RUNTIME MODEL ATTRIBUTES
***

CppFlavor       = *
__SystemLibrary = DLib


*******************************************************************************
*** PLACEMENT SUMMARY
***

"A1":  place at 0x00000000 { ro section .intvec };
"P1":  place in [from 0x00000000 to 0x000002fb] |
                [from 0x00000300 to 0x0007ffff] { ro };
"P2":  place in [from 0x10000000 to 0x1000ffdf] { rw, block CSTACK, block HEAP };
"P3":  place in [from 0x000002fc to 0x000002ff] { section .crp };

  Section            Kind        Address    Size  Object
  -------            ----        -------    ----  ------
"A1":                                       0xe4
  .intvec            ro code  0x00000000    0xe4  startup_LPC177x_8x.o [1]
                            - 0x000000e4    0xe4

"P1", part 1 of 2:                         0x120
  .rodata            const    0x000000e4     0x0  zero_init3.o [5]
  .rodata            const    0x000000e4     0x0  copy_init3.o [5]
  Initializer bytes  ro data  0x000000e4   0x120  <for P2 s0>
                            - 0x00000204   0x120

"P3":                                        0x4
  .crp               ro code  0x000002fc     0x4  startup_LPC177x_8x.o [1]
                            - 0x00000300     0x4

"P1", part 2 of 2:                        0x706c
  .text              ro code  0x00000300   0xc24  GPRS.o [1]
  .text              ro code  0x00000f24   0x8e0  Uart.o [1]
  .text              ro code  0x00001804     0xc  memcpy.o [3]
  .text              ro code  0x00001810   0x4b8  Dio.o [1]
  .text              ro code  0x00001cc8   0x3d8  lpc177x_8x_gpdma.o [1]
  .text              ro code  0x000020a0   0x570  lpc177x_8x_uart.o [1]
  .text              ro code  0x00002610    0x6e  lpc177x_8x_pinsel.o [1]
  .text              ro code  0x0000267e    0x2e  copy_init3.o [5]
  .text              ro code  0x000026ac    0x8c  lpc177x_8x_crc.o [1]
  .text              ro code  0x00002738    0x76  ABImemcpy_unaligned.o [5]
  .text              ro code  0x000027ae    0x22  zero_init3.o [5]
  .text              ro code  0x000027d0    0xf0  lpc177x_8x_gpio.o [1]
  .text              ro code  0x000028c0    0x68  lpc177x_8x_clkpwr.o [1]
  .text              ro code  0x00002928    0xee  I64DivMod.o [5]
  .rodata            const    0x00002a16     0x2  Dio.o [1]
  .text              ro code  0x00002a18     0x2  I64DivZer.o [5]
  .text              ro code  0x00002a1a     0x2  startup_LPC177x_8x.o [1]
  .text              ro code  0x00002a1c   0x9d0  Disp.o [1]
  .text              ro code  0x000033ec    0x14  memset.o [3]
  .text              ro code  0x00003400   0x468  Lcd.o [1]
  .text              ro code  0x00003868    0x22  Analog.o [1]
  .text              ro code  0x0000388c    0x66  ABImemset.o [5]
  .text              ro code  0x000038f4   0x11a  lpc177x_8x_ssp.o [1]
  .text              ro code  0x00003a10   0x164  Ad.o [1]
  .text              ro code  0x00003b74    0xbc  lpc177x_8x_adc.o [1]
  .rodata            const    0x00003c30   0x7b0  Fontlib.o [1]
  .text              ro code  0x000043e0   0x634  Peer.o [1]
  .text              ro code  0x00004a14   0x1f0  Main.o [1]
  .text              ro code  0x00004c04   0x134  Eeprom.o [1]
  .text              ro code  0x00004d38   0x3c0  Cans.o [1]
  .text              ro code  0x000050f8   0x380  Key.o [1]
  .text              ro code  0x00005478   0x23a  lpc177x_8x_timer.o [1]
  .text              ro code  0x000056b4    0xa0  lpc177x_8x_systick.o [1]
  .text              ro code  0x00005754    0xcc  Rtc.o [1]
  .text              ro code  0x00005820   0x2d8  lpc177x_8x_eeprom.o [1]
  .text              ro code  0x00005af8   0x5f0  Meter.o [1]
  .text              ro code  0x000060e8   0x12c  Charging.o [1]
  .text              ro code  0x00006214   0x43c  lpc177x_8x_can.o [1]
  .text              ro code  0x00006650    0x1e  I32ToFlt.o [4]
  .text              ro code  0x00006670    0x24  FltCmpLe.o [4]
  .text              ro code  0x00006694   0x13e  lpc177x_8x_rtc.o [1]
  .rodata            const    0x000067d4   0x474  Fontlib.o [1]
  .text              ro code  0x00006c48   0x220  lpc177x_8x_mci.o [1]
  .text              ro code  0x00006e68    0xdc  system_LPC177x_8x.o [1]
  .rodata            const    0x00006f44    0xa4  Fontlib.o [1]
  .text              ro code  0x00006fe8    0x28  data_init.o [5]
  .iar.init_table    const    0x00007010    0x24  - Linker created -
  .rodata            const    0x00007034    0x20  lpc177x_8x_gpdma.o [1]
  .rodata            const    0x00007054    0x20  lpc177x_8x_gpdma.o [1]
  .text              ro code  0x00007074    0x1a  cmain.o [5]
  .text              ro code  0x0000708e     0x4  low_level_init.o [3]
  .text              ro code  0x00007092     0x4  exit.o [3]
  .text              ro code  0x00007098     0xa  cexit.o [5]
  .text              ro code  0x000070a4    0x14  exit.o [6]
  .rodata            const    0x000070b8    0x14  Disp.o [1]
  .rodata            const    0x000070cc    0x14  Disp.o [1]
  .rodata            const    0x000070e0    0x14  Key.o [1]
  .rodata            const    0x000070f4    0x10  Dio.o [1]
  .rodata            const    0x00007104    0x10  Disp.o [1]
  .rodata            const    0x00007114    0x10  Disp.o [1]
  .rodata            const    0x00007124    0x10  Disp.o [1]
  .rodata            const    0x00007134    0x10  Disp.o [1]
  .rodata            const    0x00007144    0x10  Disp.o [1]
  .rodata            const    0x00007154    0x10  Disp.o [1]
  .rodata            const    0x00007164    0x10  Disp.o [1]
  .rodata            const    0x00007174    0x10  Disp.o [1]
  .rodata            const    0x00007184    0x10  Disp.o [1]
  .rodata            const    0x00007194    0x10  Disp.o [1]
  .rodata            const    0x000071a4    0x10  Disp.o [1]
  .rodata            const    0x000071b4    0x10  Disp.o [1]
  .rodata            const    0x000071c4    0x10  Disp.o [1]
  .rodata            const    0x000071d4    0x10  Disp.o [1]
  .rodata            const    0x000071e4    0x10  Disp.o [1]
  .rodata            const    0x000071f4    0x10  Key.o [1]
  .text              ro code  0x00007204    0x10  startup_LPC177x_8x.o [1]
  .rodata            const    0x00007214     0xc  Disp.o [1]
  .rodata            const    0x00007220     0xc  Disp.o [1]
  .rodata            const    0x0000722c     0xc  Disp.o [1]
  .rodata            const    0x00007238     0xc  Disp.o [1]
  .rodata            const    0x00007244     0xc  Disp.o [1]
  .rodata            const    0x00007250     0xc  Disp.o [1]
  .rodata            const    0x0000725c     0xc  Disp.o [1]
  .rodata            const    0x00007268     0xc  Disp.o [1]
  .rodata            const    0x00007274     0xc  Disp.o [1]
  .rodata            const    0x00007280     0xc  Disp.o [1]
  .text              ro code  0x0000728c     0xc  cstartup_M.o [5]
  .rodata            const    0x00007298     0x8  Ad.o [1]
  .rodata            const    0x000072a0     0x8  Cans.o [1]
  .rodata            const    0x000072a8     0x8  Disp.o [1]
  .rodata            const    0x000072b0     0x8  Disp.o [1]
  .rodata            const    0x000072b8     0x8  Disp.o [1]
  .rodata            const    0x000072c0     0x8  Main.o [1]
  .rodata            const    0x000072c8     0x4  Dio.o [1]
  .rodata            const    0x000072cc     0x4  Dio.o [1]
  .text              ro code  0x000072d0     0x4  startup_LPC177x_8x.o [1]
  .text              ro code  0x000072d4     0x4  startup_LPC177x_8x.o [1]
  .text              ro code  0x000072d8     0x4  startup_LPC177x_8x.o [1]
  .text              ro code  0x000072dc     0x4  startup_LPC177x_8x.o [1]
  .text              ro code  0x000072e0     0x4  startup_LPC177x_8x.o [1]
  .text              ro code  0x000072e4     0x4  startup_LPC177x_8x.o [1]
  .text              ro code  0x000072e8     0x4  startup_LPC177x_8x.o [1]
  .text              ro code  0x000072ec     0x4  startup_LPC177x_8x.o [1]
  .text              ro code  0x000072f0     0x4  startup_LPC177x_8x.o [1]
  .text              ro code  0x000072f4     0x4  startup_LPC177x_8x.o [1]
  .text              ro code  0x000072f8     0x4  startup_LPC177x_8x.o [1]
  .text              ro code  0x000072fc     0x4  startup_LPC177x_8x.o [1]
  .text              ro code  0x00007300     0x4  startup_LPC177x_8x.o [1]
  .text              ro code  0x00007304     0x4  startup_LPC177x_8x.o [1]
  .text              ro code  0x00007308     0x4  startup_LPC177x_8x.o [1]
  .text              ro code  0x0000730c     0x4  startup_LPC177x_8x.o [1]
  .text              ro code  0x00007310     0x4  startup_LPC177x_8x.o [1]
  .text              ro code  0x00007314     0x4  startup_LPC177x_8x.o [1]
  .text              ro code  0x00007318     0x4  startup_LPC177x_8x.o [1]
  .text              ro code  0x0000731c     0x4  startup_LPC177x_8x.o [1]
  .text              ro code  0x00007320     0x4  startup_LPC177x_8x.o [1]
  .text              ro code  0x00007324     0x4  startup_LPC177x_8x.o [1]
  .text              ro code  0x00007328     0x4  startup_LPC177x_8x.o [1]
  .text              ro code  0x0000732c     0x4  startup_LPC177x_8x.o [1]
  .text              ro code  0x00007330     0x4  startup_LPC177x_8x.o [1]
  .text              ro code  0x00007334     0x4  startup_LPC177x_8x.o [1]
  .text              ro code  0x00007338     0x4  startup_LPC177x_8x.o [1]
  .text              ro code  0x0000733c     0x4  startup_LPC177x_8x.o [1]
  .text              ro code  0x00007340     0x4  startup_LPC177x_8x.o [1]
  .text              ro code  0x00007344     0x4  startup_LPC177x_8x.o [1]
  .text              ro code  0x00007348     0x4  startup_LPC177x_8x.o [1]
  .text              ro code  0x0000734c     0x4  startup_LPC177x_8x.o [1]
  .text              ro code  0x00007350     0x4  startup_LPC177x_8x.o [1]
  .text              ro code  0x00007354     0x4  startup_LPC177x_8x.o [1]
  .text              ro code  0x00007358     0x4  startup_LPC177x_8x.o [1]
  .text              ro code  0x0000735c     0x4  startup_LPC177x_8x.o [1]
  .text              ro code  0x00007360     0x4  startup_LPC177x_8x.o [1]
  .text              ro code  0x00007364     0x4  startup_LPC177x_8x.o [1]
  .text              ro code  0x00007368     0x4  startup_LPC177x_8x.o [1]
                            - 0x0000736c  0x706c

"P2", part 1 of 3:                         0x120
  P2 s0                       0x10000000   0x120  <Init block>
    .data            inited   0x10000000    0x80  lpc177x_8x_gpdma.o [1]
    .data            inited   0x10000080    0x70  Disp.o [1]
    .data            inited   0x100000f0    0x20  lpc177x_8x_gpdma.o [1]
    .data            inited   0x10000110     0x4  system_LPC177x_8x.o [1]
    .data            inited   0x10000114     0x4  system_LPC177x_8x.o [1]
    .data            inited   0x10000118     0x4  system_LPC177x_8x.o [1]
    .data            inited   0x1000011c     0x4  system_LPC177x_8x.o [1]
                            - 0x10000120   0x120

"P2", part 2 of 3:                        0x2ee0
  .bss               zero     0x10000120   0x804  Cans.o [1]
  .bss               zero     0x10000924   0x804  Cans.o [1]
  .bss               zero     0x10001128   0x804  Cans.o [1]
  .bss               zero     0x1000192c   0x804  Cans.o [1]
  .bss               zero     0x10002130   0x400  Eeprom.o [1]
  .bss               zero     0x10002530   0x1c0  Disp.o [1]
  .bss               zero     0x100026f0   0x104  Uart.o [1]
  .bss               zero     0x100027f4   0x104  Uart.o [1]
  .bss               zero     0x100028f8   0x104  Uart.o [1]
  .bss               zero     0x100029fc   0x104  Uart.o [1]
  .bss               zero     0x10002b00   0x104  Uart.o [1]
  .bss               zero     0x10002c04   0x104  Uart.o [1]
  .bss               zero     0x10002d08   0x100  Ad.o [1]
  .bss               zero     0x10002e08    0x40  Lcd.o [1]
  .bss               zero     0x10002e48    0x2c  GPRS.o [1]
  .bss               zero     0x10002e74    0x2c  GPRS.o [1]
  .bss               zero     0x10002ea0    0x24  Uart.o [1]
  .bss               zero     0x10002ec4    0x20  Main.o [1]
  .bss               zero     0x10002ee4    0x20  Rtc.o [1]
  .bss               zero     0x10002f04    0x18  Key.o [1]
  .bss               zero     0x10002f1c    0x14  Disp.o [1]
  .bss               zero     0x10002f30    0x10  Analog.o [1]
  .bss               zero     0x10002f40     0x8  Ad.o [1]
  .bss               zero     0x10002f48     0x8  Main.o [1]
  .bss               zero     0x10002f50     0x4  Cans.o [1]
  .bss               zero     0x10002f54     0x4  Charging.o [1]
  .bss               zero     0x10002f58     0x4  Charging.o [1]
  .bss               zero     0x10002f5c     0x4  Disp.o [1]
  .bss               zero     0x10002f60     0x4  Disp.o [1]
  .bss               zero     0x10002f64     0x4  Disp.o [1]
  .bss               zero     0x10002f68     0x4  Disp.o [1]
  .bss               zero     0x10002f6c     0x4  Disp.o [1]
  .bss               zero     0x10002f70     0x4  Disp.o [1]
  .bss               zero     0x10002f74     0x4  GPRS.o [1]
  .bss               zero     0x10002f78     0x4  GPRS.o [1]
  .bss               zero     0x10002f7c     0x4  GPRS.o [1]
  .bss               zero     0x10002f80     0x4  GPRS.o [1]
  .bss               zero     0x10002f84     0x4  GPRS.o [1]
  .bss               zero     0x10002f88     0x4  GPRS.o [1]
  .bss               zero     0x10002f8c     0x4  lpc177x_8x_mci.o [1]
  .bss               zero     0x10002f90     0x4  lpc177x_8x_mci.o [1]
  .bss               zero     0x10002f94     0x4  lpc177x_8x_mci.o [1]
  .bss               zero     0x10002f98     0x4  lpc177x_8x_mci.o [1]
  .bss               zero     0x10002f9c     0x4  lpc177x_8x_mci.o [1]
  .bss               zero     0x10002fa0     0x4  Main.o [1]
  .bss               zero     0x10002fa4     0x4  Meter.o [1]
  .bss               zero     0x10002fa8     0x4  Meter.o [1]
  .bss               zero     0x10002fac     0x4  Meter.o [1]
  .bss               zero     0x10002fb0     0x4  Meter.o [1]
  .bss               zero     0x10002fb4     0x4  Meter.o [1]
  .bss               zero     0x10002fb8     0x4  Peer.o [1]
  .bss               zero     0x10002fbc     0x4  Peer.o [1]
  .bss               zero     0x10002fc0     0x4  Uart.o [1]
  .bss               zero     0x10002fc4     0x4  Uart.o [1]
  .bss               zero     0x10002fc8     0x4  Uart.o [1]
  .bss               zero     0x10002fcc     0x2  Dio.o [1]
  .bss               zero     0x10002fce     0x2  Dio.o [1]
  .bss               zero     0x10002fd0     0x2  Dio.o [1]
  .bss               zero     0x10002fd2     0x2  Dio.o [1]
  .bss               zero     0x10002fd4     0x2  GPRS.o [1]
  .bss               zero     0x10002fd6     0x2  GPRS.o [1]
  .bss               zero     0x10002fd8     0x2  Main.o [1]
  .bss               zero     0x10002fda     0x2  Meter.o [1]
  .bss               zero     0x10002fdc     0x1  Charging.o [1]
  .bss               zero     0x10002fdd     0x1  Charging.o [1]
  .bss               zero     0x10002fde     0x1  Charging.o [1]
  .bss               zero     0x10002fdf     0x1  Charging.o [1]
  .bss               zero     0x10002fe0     0x1  Charging.o [1]
  .bss               zero     0x10002fe1     0x1  Charging.o [1]
  .bss               zero     0x10002fe2     0x1  Disp.o [1]
  .bss               zero     0x10002fe3     0x1  Disp.o [1]
  .bss               zero     0x10002fe4     0x1  GPRS.o [1]
  .bss               zero     0x10002fe5     0x1  GPRS.o [1]
  .bss               zero     0x10002fe6     0x1  GPRS.o [1]
  .bss               zero     0x10002fe7     0x1  GPRS.o [1]
  .bss               zero     0x10002fe8     0x1  GPRS.o [1]
  .bss               zero     0x10002fe9     0x1  GPRS.o [1]
  .bss               zero     0x10002fea     0x1  GPRS.o [1]
  .bss               zero     0x10002feb     0x1  GPRS.o [1]
  .bss               zero     0x10002fec     0x1  GPRS.o [1]
  .bss               zero     0x10002fed     0x1  GPRS.o [1]
  .bss               zero     0x10002fee     0x1  GPRS.o [1]
  .bss               zero     0x10002fef     0x1  GPRS.o [1]
  .bss               zero     0x10002ff0     0x1  GPRS.o [1]
  .bss               zero     0x10002ff1     0x1  GPRS.o [1]
  .bss               zero     0x10002ff2     0x1  lpc177x_8x_crc.o [1]
  .bss               zero     0x10002ff3     0x1  Meter.o [1]
  .bss               zero     0x10002ff4     0x1  Meter.o [1]
  .bss               zero     0x10002ff5     0x1  Meter.o [1]
  .bss               zero     0x10002ff6     0x1  Meter.o [1]
  .bss               zero     0x10002ff7     0x1  Meter.o [1]
  .bss               zero     0x10002ff8     0x1  Peer.o [1]
  .bss               zero     0x10002ff9     0x1  Uart.o [1]
  .bss               zero     0x10002ffa     0x1  Uart.o [1]
  .bss               zero     0x10002ffb     0x1  Uart.o [1]
                            - 0x10002ffc  0x2edc

"P2", part 3 of 3:                         0x800
  CSTACK                      0x10003000   0x800  <Block>
    CSTACK           uninit   0x10003000   0x800  <Block tail>
                            - 0x10003800   0x800


*******************************************************************************
*** INIT TABLE
***

          Address     Size
          -------     ----
Zero (__iar_zero_init3)
    1 destination range, total size 0x2edc:
          0x10000120  0x2edc

Copy (__iar_copy_init3)
    1 source range, total size 0x120:
          0x000000e4   0x120
    1 destination range, total size 0x120:
          0x10000000   0x120



*******************************************************************************
*** MODULE SUMMARY
***

    Module                 ro code  ro data  rw data
    ------                 -------  -------  -------
X:\codes\ac_charging\GB_3B_1G_CHARGING\proj\Debug\Obj: [1]
    Ad.o                       356        8      264
    Analog.o                    34                16
    Cans.o                     960        8    8 212
    Charging.o                 300                14
    Dio.o                    1 208       26        8
    Disp.o                   2 512      536      606
    Eeprom.o                   308             1 024
    Fontlib.o                         3 272
    GPRS.o                   3 108               130
    Key.o                      896       36       24
    Lcd.o                    1 128                64
    Main.o                     496        8       46
    Meter.o                  1 520                27
    Peer.o                   1 588                 9
    Rtc.o                      204                32
    Uart.o                   2 272             1 611
    lpc177x_8x_adc.o           188
    lpc177x_8x_can.o         1 084
    lpc177x_8x_clkpwr.o        104
    lpc177x_8x_crc.o           140                 1
    lpc177x_8x_eeprom.o        728
    lpc177x_8x_gpdma.o         984      224      160
    lpc177x_8x_gpio.o          240
    lpc177x_8x_mci.o           544                20
    lpc177x_8x_pinsel.o        110
    lpc177x_8x_rtc.o           318
    lpc177x_8x_ssp.o           282
    lpc177x_8x_systick.o       160
    lpc177x_8x_timer.o         570
    lpc177x_8x_uart.o        1 392
    startup_LPC177x_8x.o       406
    system_LPC177x_8x.o        220       16       16
    ------------------------------------------------
    Total:                  24 360    4 134   12 284

command line: [2]
    ------------------------------------------------
    Total:

dl7M_tln.a: [3]
    exit.o                       4
    low_level_init.o             4
    memcpy.o                    12
    memset.o                    20
    ------------------------------------------------
    Total:                      40

m7M_tl.a: [4]
    FltCmpLe.o                  36
    I32ToFlt.o                  30
    ------------------------------------------------
    Total:                      66

rt7M_tl.a: [5]
    ABImemcpy_unaligned.o      118
    ABImemset.o                102
    I64DivMod.o                238
    I64DivZer.o                  2
    cexit.o                     10
    cmain.o                     26
    copy_init3.o                46
    cstartup_M.o                12
    data_init.o                 40
    zero_init3.o                34
    ------------------------------------------------
    Total:                     628

shb_l.a: [6]
    exit.o                      20
    ------------------------------------------------
    Total:                      20

    Gaps                        14        2
    Linker created                       36    2 048
----------------------------------------------------
    Grand Total:            25 128    4 172   14 332


*******************************************************************************
*** ENTRY LIST
***

Entry                      Address   Size  Type      Object
-----                      -------   ----  ----      ------
?main                   0x00007075         Code  Gb  cmain.o [5]
AC_Info                 0x000006a1   0xfa  Code  Gb  GPRS.o [1]
ADC_BurstCmd            0x00003bbf   0x18  Code  Gb  lpc177x_8x_adc.o [1]
ADC_ChannelCmd          0x00003bf7   0x22  Code  Gb  lpc177x_8x_adc.o [1]
ADC_ChannelGetData      0x00003c19   0x14  Code  Gb  lpc177x_8x_adc.o [1]
ADC_GlobalGetData       0x00003c2d    0x4  Code  Gb  lpc177x_8x_adc.o [1]
ADC_Init                0x00003b75   0x36  Code  Gb  lpc177x_8x_adc.o [1]
ADC_IntConfig           0x00003bd7   0x20  Code  Gb  lpc177x_8x_adc.o [1]
ADC_StartCmd            0x00003bab   0x14  Code  Gb  lpc177x_8x_adc.o [1]
Account_Verification    0x000003af   0xb2  Code  Gb  GPRS.o [1]
AdcInit                 0x00003a45   0xc8  Code  Gb  Ad.o [1]
AsciiLib                0x000067d4  0x474  Data  Gb  Fontlib.o [1]
BcdToHex                0x00005b4f   0x82  Code  Gb  Meter.o [1]
CAN_GetPointer          0x00006215   0x24  Code  Lc  lpc177x_8x_can.o [1]
CAN_IRQCmd              0x000065a3   0x62  Code  Gb  lpc177x_8x_can.o [1]
CAN_IRQHandler          0x00004d4f   0x7a  Code  Gb  Cans.o [1]
CAN_Init                0x000062bf   0xac  Code  Gb  lpc177x_8x_can.o [1]
CAN_IntGetStatus        0x00006637   0x10  Code  Gb  lpc177x_8x_can.o [1]
CAN_ReceiveMsg          0x00006531   0x72  Code  Gb  lpc177x_8x_can.o [1]
CAN_SendMsg             0x00006391  0x1a0  Code  Gb  lpc177x_8x_can.o [1]
CAN_Send_main           0x00004f27   0x80  Code  Gb  Cans.o [1]
CAN_SetAFMode           0x00006605   0x32  Code  Gb  lpc177x_8x_can.o [1]
CAN_receive             0x00004e85   0xa2  Code  Gb  Cans.o [1]
CAN_send                0x00004dc9   0x60  Code  Gb  Cans.o [1]
CLKPWR_ConfigPPWR       0x000028f1   0x24  Code  Gb  lpc177x_8x_clkpwr.o [1]
CLKPWR_GetCLK           0x000028c1   0x30  Code  Gb  lpc177x_8x_clkpwr.o [1]
CRC_CalcBlockChecksum   0x00002705   0x20  Code  Gb  lpc177x_8x_crc.o [1]
CRC_Init                0x000026ad   0x58  Code  Gb  lpc177x_8x_crc.o [1]
CSCalc                  0x00005af9   0x56  Code  Gb  Meter.o [1]
CSTACK$$Base            0x10003000          --   Gb  - Linker created -
CSTACK$$Limit           0x10003800          --   Gb  - Linker created -
CanErr                  0x00004e29   0x5c  Code  Gb  Cans.o [1]
CanInit                 0x00004fa7   0x5c  Code  Gb  Cans.o [1]
ChargingBeginTime       0x10002fb8    0x4  Data  Gb  Peer.o [1]
ChargingOver            0x00003325   0x12  Code  Gb  Disp.o [1]
ChargingPermission      0x10002fdf    0x1  Data  Gb  Charging.o [1]
ChargingTime            0x10002f6c    0x4  Data  Gb  Disp.o [1]
Charging_main           0x000060e9  0x12c  Code  Gb  Charging.o [1]
CheckOverTimeTicks      0x10002f70    0x4  Data  Gb  Disp.o [1]
ClrOutput               0x00001963   0x8e  Code  Gb  Dio.o [1]
ConnectorCheckCnt       0x10002f54    0x4  Data  Gb  Charging.o [1]
ConnectorCnt            0x10002fdd    0x1  Data  Gb  Charging.o [1]
ConnectorStatus         0x10002fdc    0x1  Data  Gb  Charging.o [1]
CurKwh                  0x10002fac    0x4  Data  Gb  Meter.o [1]
CurTime                 0x10002ec4   0x20  Data  Gb  Main.o [1]
Cur_0_BeginTime         0x10002fb0    0x4  Data  Gb  Meter.o [1]
Cur_0_Time              0x10002fb4    0x4  Data  Gb  Meter.o [1]
DMA_IRQHandler          0x00000f7b   0xea  Code  Gb  Uart.o [1]
Dev_Error               0x10002fe7    0x1  Data  Gb  GPRS.o [1]
Dev_Status              0x10002fe6    0x1  Data  Gb  GPRS.o [1]
DioInit                 0x00001abb  0x1ee  Code  Gb  Dio.o [1]
Disp_Init_Array         0x10000080   0x70  Data  Gb  Disp.o [1]
Disp_TCB_Card           0x10002f68    0x4  Data  Gb  Disp.o [1]
Disp_TCB_Cur            0x10002f60    0x4  Data  Gb  Disp.o [1]
Disp_TCB_Init           0x00002a1d  0x328  Code  Gb  Disp.o [1]
Disp_TCB_Last           0x10002f64    0x4  Data  Gb  Disp.o [1]
Disp_TCB_List           0x10002f5c    0x4  Data  Gb  Disp.o [1]
Disp_TCB_Tbl            0x10002530  0x1c0  Data  Gb  Disp.o [1]
DisplayLinkInfo         0x00003091   0x9c  Code  Gb  Disp.o [1]
DisplayLoginCheck       0x00002f47   0x42  Code  Gb  Disp.o [1]
DisplayLoginCheckError  0x00002f89   0x28  Code  Gb  Disp.o [1]
DisplayLoginLock        0x00002fb9   0x4c  Code  Gb  Disp.o [1]
DisplayLoginMode        0x00002e67   0x4c  Code  Gb  Disp.o [1]
DisplayParameter        0x00002d7f   0xe8  Code  Gb  Disp.o [1]
DisplayQRLogin          0x0000300d   0x28  Code  Gb  Disp.o [1]
DisplaySettlementInfo   0x000032d7   0x44  Code  Gb  Disp.o [1]
DisplayUserInfo         0x00003041   0x3a  Code  Gb  Disp.o [1]
DisplayUserLogin1       0x00002eb3   0x36  Code  Gb  Disp.o [1]
DisplayUserLogin2       0x00002ee9   0x5e  Code  Gb  Disp.o [1]
DisplayUsingInfo1       0x0000314d  0x11e  Code  Gb  Disp.o [1]
DisplayUsingInfo2       0x0000326b   0x6c  Code  Gb  Disp.o [1]
DisplayWelcome          0x00002d45   0x3a  Code  Gb  Disp.o [1]
EEPROM_Init             0x00005821   0x6a  Code  Gb  lpc177x_8x_eeprom.o [1]
EEPROM_Read             0x000059bb  0x110  Code  Gb  lpc177x_8x_eeprom.o [1]
EEPROM_Write            0x0000588b  0x130  Code  Gb  lpc177x_8x_eeprom.o [1]
EMCClock                0x10000118    0x4  Data  Gb  system_LPC177x_8x.o [1]
EepromRead              0x00004c35   0x30  Code  Gb  Eeprom.o [1]
EepromWrite             0x00004c05   0x30  Code  Gb  Eeprom.o [1]
F_display_do            0x10002fe2    0x1  Data  Gb  Disp.o [1]
FlipOutput              0x000019f1   0xca  Code  Gb  Dio.o [1]
FontCnIndex             0x00006f44   0xa4  Data  Gb  Fontlib.o [1]
FontCnLib               0x00003c30  0x7b0  Data  Gb  Fontlib.o [1]
FrameCntRS232           0x10002ff9    0x1  Data  Gb  Uart.o [1]
FrameCntRS4851          0x10002ffa    0x1  Data  Gb  Uart.o [1]
FrameCntRS4852          0x10002ffb    0x1  Data  Gb  Uart.o [1]
FrameIsEnd              0x0000171f   0x6e  Code  Gb  Uart.o [1]
GPDMACfgTx              0x10002ea0   0x24  Data  Gb  Uart.o [1]
GPDMA_ChannelCmd        0x00001f6d   0x24  Code  Gb  lpc177x_8x_gpdma.o [1]
GPDMA_ClearIntPending   0x0000202b   0x1e  Code  Gb  lpc177x_8x_gpdma.o [1]
GPDMA_Init              0x00001cc9   0x5e  Code  Gb  lpc177x_8x_gpdma.o [1]
GPDMA_IntGetStatus      0x00001f91   0x9a  Code  Gb  lpc177x_8x_gpdma.o [1]
GPDMA_LUTPerAddr        0x10000000   0x80  Data  Gb  lpc177x_8x_gpdma.o [1]
GPDMA_LUTPerBurst       0x00007034   0x20  Data  Gb  lpc177x_8x_gpdma.o [1]
GPDMA_LUTPerWid         0x00007054   0x20  Data  Gb  lpc177x_8x_gpdma.o [1]
GPDMA_Setup             0x00001d27  0x246  Code  Gb  lpc177x_8x_gpdma.o [1]
GPIO_ClearValue         0x00002853   0x16  Code  Gb  lpc177x_8x_gpio.o [1]
GPIO_GetPointer         0x000027d1   0x42  Code  Lc  lpc177x_8x_gpio.o [1]
GPIO_OutputValue        0x00002869   0x26  Code  Gb  lpc177x_8x_gpio.o [1]
GPIO_ReadValue          0x0000288f   0x1a  Code  Gb  lpc177x_8x_gpio.o [1]
GPIO_SetDir             0x00002813   0x2a  Code  Gb  lpc177x_8x_gpio.o [1]
GPIO_SetValue           0x0000283d   0x16  Code  Gb  lpc177x_8x_gpio.o [1]
GPRS_main               0x00000819  0x67a  Code  Gb  GPRS.o [1]
GetAdAvgValue           0x00003a11   0x26  Code  Gb  Ad.o [1]
GetAnalogSta            0x00003869   0x22  Code  Gb  Analog.o [1]
GetChkSum               0x00004c65   0x24  Code  Gb  Eeprom.o [1]
GetLineValue            0x0000523f   0x3e  Code  Gb  Key.o [1]
GetMeterMsg             0x00005bd1  0x244  Code  Gb  Meter.o [1]
GetRowValue             0x00005201   0x3e  Code  Gb  Key.o [1]
GetRs232Sta             0x000016c5   0x1e  Code  Gb  Uart.o [1]
GetRs485Ch1Sta          0x000016e3   0x1e  Code  Gb  Uart.o [1]
GetRs485Ch2Sta          0x00001701   0x1e  Code  Gb  Uart.o [1]
GetTemp                 0x00003a37    0xe  Code  Gb  Ad.o [1]
Heartbeat               0x00000301   0xae  Code  Gb  GPRS.o [1]
HeartbeatCnt            0x10002f7c    0x4  Data  Gb  GPRS.o [1]
InfoCnt                 0x10002f80    0x4  Data  Gb  GPRS.o [1]
InputCheck              0x00001811   0xb8  Code  Gb  Dio.o [1]
InputConfig             0x000072c8    0x4  Data  Gb  Dio.o [1]
InputSta                0x10002fcc    0x2  Data  Gb  Dio.o [1]
InputStaCnt             0x10002fd2    0x2  Data  Lc  Dio.o [1]
InputStaCur             0x10002fce    0x2  Data  Lc  Dio.o [1]
InputStaPre             0x10002fd0    0x2  Data  Lc  Dio.o [1]
KeyBoardConfig          0x000071f4   0x10  Data  Gb  Key.o [1]
KeyBoardType            0x10002f04   0x18  Data  Gb  Key.o [1]
KeyBoard_Scan           0x0000527d  0x1ea  Code  Gb  Key.o [1]
LCDInit                 0x0000344d   0x82  Code  Gb  Lcd.o [1]
LCD_Init                0x0000358b   0xca  Code  Gb  Lcd.o [1]
Lcd_Clr                 0x00003525   0x66  Code  Gb  Lcd.o [1]
Lcd_Printf              0x000036b9  0x19a  Code  Gb  Lcd.o [1]
Lcd_Send                0x000034e9   0x3c  Code  Gb  Lcd.o [1]
LedConfig               0x000072cc    0x4  Data  Gb  Dio.o [1]
LoadAllParameters       0x00004b31   0x30  Code  Gb  Main.o [1]
LoadParameter           0x00004c89   0x5a  Code  Gb  Eeprom.o [1]
LoginCheckOverTime      0x0000333d   0x12  Code  Gb  Disp.o [1]
LoginPermission         0x10002fde    0x1  Data  Gb  Charging.o [1]
MCI_Block_End_Flag      0x10002f8c    0x4  Data  Gb  lpc177x_8x_mci.o [1]
MCI_CmdProcess          0x00006c89   0x48  Code  Gb  lpc177x_8x_mci.o [1]
MCI_DATA_END_InterruptService
                        0x00006d19   0x38  Code  Gb  lpc177x_8x_mci.o [1]
MCI_DataErrorProcess    0x00006cd1   0x48  Code  Gb  lpc177x_8x_mci.o [1]
MCI_FIFOInterruptService
                        0x00006d51   0xaa  Code  Gb  lpc177x_8x_mci.o [1]
MCI_IRQHandler          0x00006dfb   0x42  Code  Gb  lpc177x_8x_mci.o [1]
MCI_ReadFifo            0x00006c49   0x16  Code  Gb  lpc177x_8x_mci.o [1]
MCI_TXDisable           0x00006c75   0x14  Code  Gb  lpc177x_8x_mci.o [1]
MCI_WriteFifo           0x00006c5f   0x16  Code  Gb  lpc177x_8x_mci.o [1]
MeterCalc               0x00005e15   0xa0  Code  Gb  Meter.o [1]
MeterCommErr            0x10002ff4    0x1  Data  Gb  Meter.o [1]
MeterCur                0x00005f55   0xa0  Code  Gb  Meter.o [1]
MeterData               0x10002fa4    0x4  Data  Gb  Meter.o [1]
MeterDeal               0x00005ff5   0xaa  Code  Gb  Meter.o [1]
MeterErr                0x10002ff3    0x1  Data  Gb  Meter.o [1]
MeterOnlineCnt          0x10002fda    0x2  Data  Gb  Meter.o [1]
MeterVol                0x00005eb5   0xa0  Code  Gb  Meter.o [1]
Meter_counter           0x10002ff6    0x1  Data  Gb  Meter.o [1]
NVIC_DisableIRQ         0x00005755   0x14  Code  Lc  Rtc.o [1]
NVIC_DisableIRQ         0x00000f3b   0x16  Code  Lc  Uart.o [1]
NVIC_EnableIRQ          0x00004d39   0x16  Code  Lc  Cans.o [1]
NVIC_EnableIRQ          0x00004a15   0x14  Code  Lc  Main.o [1]
NVIC_EnableIRQ          0x00000f25   0x16  Code  Lc  Uart.o [1]
NVIC_SetPriority        0x00004a29   0x26  Code  Lc  Main.o [1]
NVIC_SetPriority        0x00005769   0x26  Code  Lc  Rtc.o [1]
NVIC_SetPriority        0x00000f51   0x2a  Code  Lc  Uart.o [1]
Order_number            0x10002f88    0x4  Data  Gb  GPRS.o [1]
OutputConfig            0x000070f4   0x10  Data  Gb  Dio.o [1]
PINSEL_ConfigPin        0x0000262b   0x2a  Code  Gb  lpc177x_8x_pinsel.o [1]
PINSEL_SetPinMode       0x00002655   0x2a  Code  Gb  lpc177x_8x_pinsel.o [1]
PIN_GetPointer          0x00002611   0x1a  Code  Lc  lpc177x_8x_pinsel.o [1]
PWMCPConfig             0x00002a16    0x2  Data  Gb  Dio.o [1]
ParaBuff                0x10002130  0x400  Data  Gb  Eeprom.o [1]
PeripheralClock         0x10000114    0x4  Data  Gb  system_LPC177x_8x.o [1]
Position68              0x10002ff5    0x1  Data  Gb  Meter.o [1]
QR_code_Verification    0x00000461   0x7a  Code  Gb  GPRS.o [1]
RS232Rx                 0x100026f0  0x104  Data  Gb  Uart.o [1]
RS232SendMsg            0x000013b1   0x3c  Code  Gb  Uart.o [1]
RS232Tx                 0x100027f4  0x104  Data  Gb  Uart.o [1]
RS232_Err               0x10002fc0    0x4  Data  Gb  Uart.o [1]
RS4851_Err              0x10002fc4    0x4  Data  Gb  Uart.o [1]
RS4852_Err              0x10002fc8    0x4  Data  Gb  Uart.o [1]
RS485Ch1SendMsg         0x000013ed   0x46  Code  Gb  Uart.o [1]
RS485Ch2SendMsg         0x00001433   0x46  Code  Gb  Uart.o [1]
RS485Rx1                0x100028f8  0x104  Data  Gb  Uart.o [1]
RS485Rx2                0x10002b00  0x104  Data  Gb  Uart.o [1]
RS485Tx1                0x100029fc  0x104  Data  Gb  Uart.o [1]
RS485Tx2                0x10002c04  0x104  Data  Gb  Uart.o [1]
RTC_CalibCounterCmd     0x000067b9   0x1a  Code  Gb  lpc177x_8x_rtc.o [1]
RTC_ClearIntPending     0x000067b1    0x8  Code  Gb  lpc177x_8x_rtc.o [1]
RTC_Cmd                 0x000066cb   0x1a  Code  Gb  lpc177x_8x_rtc.o [1]
RTC_GetFullTime         0x00006753   0x4e  Code  Gb  lpc177x_8x_rtc.o [1]
RTC_GetIntPending       0x000067a1   0x10  Code  Gb  lpc177x_8x_rtc.o [1]
RTC_GetTime             0x000066e5   0x6e  Code  Gb  lpc177x_8x_rtc.o [1]
RTC_IRQHandler          0x0000578f   0x36  Code  Gb  Rtc.o [1]
RTC_Init                0x00006695   0x24  Code  Gb  lpc177x_8x_rtc.o [1]
RTC_ResetClockTickCounter
                        0x000066b9   0x12  Code  Gb  lpc177x_8x_rtc.o [1]
RdMeterTicks            0x10002fa8    0x4  Data  Gb  Meter.o [1]
Ready                   0x000043e1   0xc0  Code  Gb  Peer.o [1]
Region$$Table$$Base     0x00007010          --   Gb  - Linker created -
Region$$Table$$Limit    0x00007034          --   Gb  - Linker created -
RelaySta1               0x10002ff8    0x1  Data  Gb  Peer.o [1]
RelaySta2               0x10002ff7    0x1  Data  Gb  Meter.o [1]
RelaySta232             0x10002ff1    0x1  Data  Gb  GPRS.o [1]
RtcCurTime              0x10002ee4   0x20  Data  Gb  Rtc.o [1]
RtcGetTime              0x000057c5   0x18  Code  Gb  Rtc.o [1]
RtcInit                 0x000057dd   0x2e  Code  Gb  Rtc.o [1]
RtcSecondBck            0x10002fe3    0x1  Data  Gb  Disp.o [1]
SPIx_ReadWriteByte      0x000039df   0x20  Code  Gb  lpc177x_8x_ssp.o [1]
SRST_High               0x0000341d   0x10  Code  Gb  Lcd.o [1]
SSDI_High               0x0000343d   0x10  Code  Gb  Lcd.o [1]
SSDI_Low                0x0000342d   0x10  Code  Gb  Lcd.o [1]
SSEL_High               0x0000340f    0xe  Code  Gb  Lcd.o [1]
SSEL_Low                0x00003401    0xe  Code  Gb  Lcd.o [1]
SSP_Cmd                 0x000039c5   0x1a  Code  Gb  lpc177x_8x_ssp.o [1]
SSP_ConfigStructInit    0x0000399f   0x1a  Code  Gb  lpc177x_8x_ssp.o [1]
SSP_GetStatus           0x000039ff   0x10  Code  Gb  lpc177x_8x_ssp.o [1]
SSP_Init                0x0000394b   0x54  Code  Gb  lpc177x_8x_ssp.o [1]
SYSTICK_Cmd             0x00005707   0x22  Code  Gb  lpc177x_8x_systick.o [1]
SYSTICK_IntCmd          0x00005729   0x22  Code  Gb  lpc177x_8x_systick.o [1]
SYSTICK_InternalInit    0x000056b5   0x52  Code  Gb  lpc177x_8x_systick.o [1]
SaveParameter           0x00004ce3   0x4c  Code  Gb  Eeprom.o [1]
SetLineInput            0x00005181   0x80  Code  Gb  Key.o [1]
SetOutput               0x000018c9   0x9a  Code  Gb  Dio.o [1]
SetRowInput             0x000050f9   0x88  Code  Gb  Key.o [1]
Spi_Operation           0x000034cf   0x1a  Code  Gb  Lcd.o [1]
Start                   0x000004db   0xda  Code  Gb  GPRS.o [1]
Stop                    0x000005b5   0xec  Code  Gb  GPRS.o [1]
StopPermission          0x10002fe1    0x1  Data  Gb  Charging.o [1]
StopRequest             0x10002fe0    0x1  Data  Gb  Charging.o [1]
StopRequestCnt          0x10002f58    0x4  Data  Gb  Charging.o [1]
SysTickCnt              0x10002fa0    0x4  Data  Gb  Main.o [1]
SysTickInit             0x00004ab9   0x16  Code  Gb  Main.o [1]
SysTick_Handler         0x00004a4f   0x22  Code  Gb  Main.o [1]
SystemCoreClock         0x10000110    0x4  Data  Gb  system_LPC177x_8x.o [1]
SystemInit              0x00006e69   0x8e  Code  Gb  system_LPC177x_8x.o [1]
TIMER0_IRQHandler       0x00004a71   0x48  Code  Gb  Main.o [1]
TIM_ClearIntPending     0x00005513    0x8  Code  Gb  lpc177x_8x_timer.o [1]
TIM_Cmd                 0x000055ed   0x1a  Code  Gb  lpc177x_8x_timer.o [1]
TIM_ConfigMatch         0x00005607   0xac  Code  Gb  lpc177x_8x_timer.o [1]
TIM_GetIntStatus        0x000054f5   0x1e  Code  Gb  lpc177x_8x_timer.o [1]
TIM_Init                0x0000551b   0xc0  Code  Gb  lpc177x_8x_timer.o [1]
Timer0Init              0x00004acf   0x62  Code  Gb  Main.o [1]
UART0_IRQHandler        0x00001065   0xc4  Code  Gb  Uart.o [1]
UART1_IRQHandler        0x000011ef   0xc6  Code  Gb  Uart.o [1]
UART2_IRQHandler        0x000012b5   0xc6  Code  Gb  Uart.o [1]
UART3_IRQHandler        0x00001129   0xc6  Code  Gb  Uart.o [1]
UARTReceive             0x0000137b   0x36  Code  Gb  Uart.o [1]
UART_ConfigStructInit   0x0000239d   0x14  Code  Gb  lpc177x_8x_uart.o [1]
UART_FIFOConfig         0x000024eb   0x5a  Code  Gb  lpc177x_8x_uart.o [1]
UART_FIFOConfigStructInit
                        0x00002545   0x12  Code  Gb  lpc177x_8x_uart.o [1]
UART_GetIntId           0x000024e1    0xa  Code  Gb  lpc177x_8x_uart.o [1]
UART_GetLineStatus      0x000024cd   0x14  Code  Gb  lpc177x_8x_uart.o [1]
UART_Init               0x00002263  0x13a  Code  Gb  lpc177x_8x_uart.o [1]
UART_IntConfig          0x00002445   0x88  Code  Gb  lpc177x_8x_uart.o [1]
UART_RS485Config        0x0000259d   0x5c  Code  Gb  lpc177x_8x_uart.o [1]
UART_Receive            0x000023c1   0x84  Code  Gb  lpc177x_8x_uart.o [1]
UART_ReceiveByte        0x000023b1   0x10  Code  Gb  lpc177x_8x_uart.o [1]
UART_TxCmd              0x00002557   0x46  Code  Gb  lpc177x_8x_uart.o [1]
USBClock                0x1000011c    0x4  Data  Gb  system_LPC177x_8x.o [1]
UartInit                0x00001479  0x24c  Code  Gb  Uart.o [1]
UartsInit               0x000017dd   0x28  Code  Gb  Uart.o [1]
__Vectors               0x00000000          --   Gb  startup_LPC177x_8x.o [1]
__Vectors_End           0x000000e4         Data  Gb  startup_LPC177x_8x.o [1]
__Vectors_Size {Abs}    0x000000e4          --   Gb  startup_LPC177x_8x.o [1]
__aeabi_cfcmple         0x00006671         Code  Gb  FltCmpLe.o [4]
__aeabi_ldiv0           0x00002a19         Code  Gb  I64DivZer.o [5]
__aeabi_memset          0x0000388d         Code  Gb  ABImemset.o [5]
__aeabi_ui2f            0x00006651         Code  Gb  I32ToFlt.o [4]
__aeabi_uldivmod        0x00002929         Code  Gb  I64DivMod.o [5]
__cmain                 0x00007075         Code  Gb  cmain.o [5]
__exit                  0x000070a5   0x14  Code  Gb  exit.o [6]
__iar_Memset            0x0000388d         Code  Gb  ABImemset.o [5]
__iar_Memset_word       0x00003895         Code  Gb  ABImemset.o [5]
__iar_copy_init3        0x0000267f   0x2e  Code  Gb  copy_init3.o [5]
__iar_data_init3        0x00006fe9   0x28  Code  Gb  data_init.o [5]
__iar_program_start     0x0000728d         Code  Gb  cstartup_M.o [5]
__iar_ui2f              0x00006655         Code  Gb  I32ToFlt.o [4]
__iar_unaligned___aeabi_memcpy
                        0x00002739         Code  Gb  ABImemcpy_unaligned.o [5]
__iar_unaligned___aeabi_memcpy4
                        0x00002759         Code  Gb  ABImemcpy_unaligned.o [5]
__iar_unaligned___aeabi_memcpy8
                        0x00002759         Code  Gb  ABImemcpy_unaligned.o [5]
__iar_zero_init3        0x000027af   0x22  Code  Gb  zero_init3.o [5]
__low_level_init        0x0000708f    0x4  Code  Gb  low_level_init.o [3]
__vector_table          0x00000000         Data  Gb  startup_LPC177x_8x.o [1]
__vector_table_0x1c     0x0000001c         Data  Gb  startup_LPC177x_8x.o [1]
_call_main              0x00007081         Code  Gb  cmain.o [5]
_exit                   0x00007099         Code  Gb  cexit.o [5]
_main                   0x0000708b         Code  Gb  cmain.o [5]
ad_channel_sel          0x00007298    0x8  Data  Gb  Ad.o [1]
ad_cnt                  0x10002f40    0x8  Data  Gb  Ad.o [1]
ad_rlt                  0x10002d08  0x100  Data  Gb  Ad.o [1]
adc_main                0x00003b0d   0x52  Code  Gb  Ad.o [1]
back_type               0x10002fef    0x1  Data  Gb  GPRS.o [1]
begin_CurKwh            0x10002f74    0x4  Data  Gb  GPRS.o [1]
c_entry                 0x00004b61   0x34  Code  Gb  Main.o [1]
can1_rx_buf             0x10000120  0x804  Data  Gb  Cans.o [1]
can1_tx_buf             0x10001128  0x804  Data  Gb  Cans.o [1]
can2_rx_buf             0x10000924  0x804  Data  Gb  Cans.o [1]
can2_tx_buf             0x1000192c  0x804  Data  Gb  Cans.o [1]
can_SetBaudrate         0x00006239   0x86  Code  Lc  lpc177x_8x_can.o [1]
can_test                0x00005003   0xce  Code  Gb  Cans.o [1]
charge_CurKwh           0x10002fbc    0x4  Data  Gb  Peer.o [1]
communication_delay     0x10002f84    0x4  Data  Gb  GPRS.o [1]
communication_state     0x10002fe8    0x1  Data  Gb  GPRS.o [1]
converPtrToTimeNum      0x000054bf   0x36  Code  Lc  lpc177x_8x_timer.o [1]
converUSecToVal         0x00005489   0x36  Code  Lc  lpc177x_8x_timer.o [1]
crc_cur_type            0x10002ff2    0x1  Data  Gb  lpc177x_8x_crc.o [1]
dataDestBlock           0x10002f94    0x4  Data  Gb  lpc177x_8x_mci.o [1]
dataSrcBlock            0x10002f90    0x4  Data  Gb  lpc177x_8x_mci.o [1]
end_CurKwh              0x10002f78    0x4  Data  Gb  GPRS.o [1]
exit                    0x00007093    0x4  Code  Gb  exit.o [3]
g_KeyCode               0x000070e0   0x14  Data  Gb  Key.o [1]
g_bDispBuf              0x10002f1c   0x14  Data  Gb  Disp.o [1]
g_bLcdTmp               0x10002e08   0x40  Data  Gb  Lcd.o [1]
g_sAnalogValue          0x10002f30   0x10  Data  Gb  Analog.o [1]
g_sParaConfig           0x10002f48    0x8  Data  Gb  Main.o [1]
g_sParaConfig_init      0x000072c0    0x8  Data  Gb  Main.o [1]
getPClock               0x00005479   0x10  Code  Lc  lpc177x_8x_timer.o [1]
main                    0x00004b95   0x4c  Code  Gb  Main.o [1]
memcpy                  0x00001805    0xc  Code  Gb  memcpy.o [3]
memset                  0x000033ed   0x14  Code  Gb  memset.o [3]
output_cur              0x10002fd6    0x2  Data  Gb  GPRS.o [1]
output_vol              0x10002fd4    0x2  Data  Gb  GPRS.o [1]
pGPDMACh                0x100000f0   0x20  Data  Gb  lpc177x_8x_gpdma.o [1]
peer_main               0x000044a1  0x514  Code  Gb  Peer.o [1]
r_user_info             0x10002e74   0x2c  Data  Gb  GPRS.o [1]
record_clear            0x0000079b   0x5a  Code  Gb  GPRS.o [1]
return_sign             0x10002ff0    0x1  Data  Gb  GPRS.o [1]
rxBlockCnt              0x10002f9c    0x4  Data  Gb  lpc177x_8x_mci.o [1]
server_begin            0x10002fe5    0x1  Data  Gb  GPRS.o [1]
server_stop             0x10002fe4    0x1  Data  Gb  GPRS.o [1]
setSSPclock             0x000038f5   0x56  Code  Lc  lpc177x_8x_ssp.o [1]
sys_cecond              0x10002fee    0x1  Data  Gb  GPRS.o [1]
sys_day                 0x10002feb    0x1  Data  Gb  GPRS.o [1]
sys_hour                0x10002fec    0x1  Data  Gb  GPRS.o [1]
sys_minute              0x10002fed    0x1  Data  Gb  GPRS.o [1]
sys_month               0x10002fea    0x1  Data  Gb  GPRS.o [1]
sys_year                0x10002fe9    0x1  Data  Gb  GPRS.o [1]
t_user_info             0x10002e48   0x2c  Data  Gb  GPRS.o [1]
txBlockCnt              0x10002f98    0x4  Data  Gb  lpc177x_8x_mci.o [1]
uart_set_divisors       0x000020a1  0x1c2  Code  Lc  lpc177x_8x_uart.o [1]
write_4_byte            0x00003655   0x64  Code  Gb  Lcd.o [1]


[1] = X:\codes\ac_charging\GB_3B_1G_CHARGING\proj\Debug\Obj
[2] = command line
[3] = dl7M_tln.a
[4] = m7M_tl.a
[5] = rt7M_tl.a
[6] = shb_l.a

  25 128 bytes of readonly  code memory
   4 172 bytes of readonly  data memory
  14 332 bytes of readwrite data memory

Errors: none
Warnings: none
